Component: ARM Compiler 5.06 update 3 (build 300) Tool: armlink [4d35c9]

==============================================================================

Section Cross References

    main.o(i.main) refers to sysinit.o(i.rotsdev_sysinit) for rotsdev_sysinit
    main.o(i.main) refers to tasks.o(i.taskCreat) for taskCreat
    main.o(i.main) refers to sysinit.o(i.rtosdev_sysstart) for rtosdev_sysstart
    main.o(i.main) refers to main.o(.bss) for task1_taskBuffer
    main.o(i.main) refers to main.o(i.task1Entry) for task1Entry
    main.o(i.main) refers to main.o(i.task2Entry) for task2Entry
    main.o(i.main) refers to main.o(i.task3Entry) for task3Entry
    main.o(i.main) refers to main.o(i.task4Entry) for task4Entry
    main.o(i.task1Entry) refers to tasks.o(i.rtosdev_ms2ticks) for rtosdev_ms2ticks
    main.o(i.task1Entry) refers to tasks.o(i.rtosdev_delay) for rtosdev_delay
    main.o(i.task1Entry) refers to main.o(.data) for task1Flag
    main.o(i.task2Entry) refers to tasks.o(i.rtosdev_ms2ticks) for rtosdev_ms2ticks
    main.o(i.task2Entry) refers to tasks.o(i.rtosdev_delay) for rtosdev_delay
    main.o(i.task2Entry) refers to main.o(.data) for task2Flag
    main.o(i.task3Entry) refers to tasks.o(i.rtosdev_ms2ticks) for rtosdev_ms2ticks
    main.o(i.task3Entry) refers to tasks.o(i.rtosdev_delay) for rtosdev_delay
    main.o(i.task3Entry) refers to main.o(.data) for task3Flag
    main.o(i.task4Entry) refers to tasks.o(i.rtosdev_ms2ticks) for rtosdev_ms2ticks
    main.o(i.task4Entry) refers to tasks.o(i.rtosdev_delay) for rtosdev_delay
    main.o(i.task4Entry) refers to main.o(.data) for task4Flag
    tasks.o(i.nxtTask_get_highest) refers to rtos_lib.o(i.tBitmapGetFirstSet) for tBitmapGetFirstSet
    tasks.o(i.nxtTask_get_highest) refers to rtos_lib.o(i.tListFirst) for tListFirst
    tasks.o(i.nxtTask_get_highest) refers to tasks.o(.data) for task_Priority_Bitmap
    tasks.o(i.nxtTask_get_highest) refers to tasks.o(.bss) for taskTable
    tasks.o(i.relax_Task_init) refers to tasks.o(i.taskCreat) for taskCreat
    tasks.o(i.relax_Task_init) refers to tasks.o(.bss) for relax_taskBuffer
    tasks.o(i.relax_Task_init) refers to tasks.o(i.relax_Taskrun) for relax_Taskrun
    tasks.o(i.relax_Task_init) refers to tasks.o(.data) for relax_Task_ptr
    tasks.o(i.rtosdev_delay) refers to task_schedule.o(i.tTaskEnterCritical) for tTaskEnterCritical
    tasks.o(i.rtosdev_delay) refers to tasks.o(i.task_Indelaystate_Block) for task_Indelaystate_Block
    tasks.o(i.rtosdev_delay) refers to tasks.o(i.taskSchedule_Unready) for taskSchedule_Unready
    tasks.o(i.rtosdev_delay) refers to task_schedule.o(i.tTaskExitCritical) for tTaskExitCritical
    tasks.o(i.rtosdev_delay) refers to task_schedule.o(i.taskSchedule) for taskSchedule
    tasks.o(i.rtosdev_delay) refers to tasks.o(.data) for running_Task
    tasks.o(i.taskCreat) refers to rtos_lib.o(i.tNodeInit) for tNodeInit
    tasks.o(i.taskCreat) refers to tasks.o(i.taskSchedule_Ready) for taskSchedule_Ready
    tasks.o(i.taskSchedule_Ready) refers to rtos_lib.o(i.tListAddFirst) for tListAddFirst
    tasks.o(i.taskSchedule_Ready) refers to rtos_lib.o(i.tBitmapSet) for tBitmapSet
    tasks.o(i.taskSchedule_Ready) refers to tasks.o(.bss) for taskTable
    tasks.o(i.taskSchedule_Ready) refers to tasks.o(.data) for task_Priority_Bitmap
    tasks.o(i.taskSchedule_Unready) refers to rtos_lib.o(i.tListRemove) for tListRemove
    tasks.o(i.taskSchedule_Unready) refers to rtos_lib.o(i.tListCount) for tListCount
    tasks.o(i.taskSchedule_Unready) refers to rtos_lib.o(i.tBitmapClear) for tBitmapClear
    tasks.o(i.taskSchedule_Unready) refers to tasks.o(.bss) for taskTable
    tasks.o(i.taskSchedule_Unready) refers to tasks.o(.data) for task_Priority_Bitmap
    tasks.o(i.task_Dele_Request) refers to task_schedule.o(i.tTaskEnterCritical) for tTaskEnterCritical
    tasks.o(i.task_Dele_Request) refers to task_schedule.o(i.tTaskExitCritical) for tTaskExitCritical
    tasks.o(i.task_Delete_Instant) refers to task_schedule.o(i.tTaskEnterCritical) for tTaskEnterCritical
    tasks.o(i.task_Delete_Instant) refers to tasks.o(i.task_Outdelaystate_Unblock) for task_Outdelaystate_Unblock
    tasks.o(i.task_Delete_Instant) refers to tasks.o(i.task_OutRedylist_Delete) for task_OutRedylist_Delete
    tasks.o(i.task_Delete_Instant) refers to task_schedule.o(i.taskSchedule) for taskSchedule
    tasks.o(i.task_Delete_Instant) refers to task_schedule.o(i.tTaskExitCritical) for tTaskExitCritical
    tasks.o(i.task_Delete_Instant) refers to tasks.o(.data) for running_Task
    tasks.o(i.task_Indelaystate_Block) refers to rtos_lib.o(i.tListAddLast) for tListAddLast
    tasks.o(i.task_Indelaystate_Block) refers to tasks.o(.bss) for taskDelayList
    tasks.o(i.task_Insuspend_Block) refers to task_schedule.o(i.tTaskEnterCritical) for tTaskEnterCritical
    tasks.o(i.task_Insuspend_Block) refers to tasks.o(i.taskSchedule_Unready) for taskSchedule_Unready
    tasks.o(i.task_Insuspend_Block) refers to task_schedule.o(i.taskSchedule) for taskSchedule
    tasks.o(i.task_Insuspend_Block) refers to task_schedule.o(i.tTaskExitCritical) for tTaskExitCritical
    tasks.o(i.task_Insuspend_Block) refers to tasks.o(.data) for running_Task
    tasks.o(i.task_OutRedylist_Delete) refers to rtos_lib.o(i.tListRemove) for tListRemove
    tasks.o(i.task_OutRedylist_Delete) refers to rtos_lib.o(i.tListCount) for tListCount
    tasks.o(i.task_OutRedylist_Delete) refers to rtos_lib.o(i.tBitmapClear) for tBitmapClear
    tasks.o(i.task_OutRedylist_Delete) refers to tasks.o(.bss) for taskTable
    tasks.o(i.task_OutRedylist_Delete) refers to tasks.o(.data) for task_Priority_Bitmap
    tasks.o(i.task_Outdelaystate_Unblock) refers to rtos_lib.o(i.tListRemove) for tListRemove
    tasks.o(i.task_Outdelaystate_Unblock) refers to tasks.o(.bss) for taskDelayList
    tasks.o(i.task_Outsuspend_Unblock) refers to task_schedule.o(i.tTaskEnterCritical) for tTaskEnterCritical
    tasks.o(i.task_Outsuspend_Unblock) refers to tasks.o(i.taskSchedule_Ready) for taskSchedule_Ready
    tasks.o(i.task_Outsuspend_Unblock) refers to task_schedule.o(i.taskSchedule) for taskSchedule
    tasks.o(i.task_Outsuspend_Unblock) refers to task_schedule.o(i.tTaskExitCritical) for tTaskExitCritical
    tasks.o(i.task_Request_Check) refers to task_schedule.o(i.tTaskEnterCritical) for tTaskEnterCritical
    tasks.o(i.task_Request_Check) refers to task_schedule.o(i.tTaskExitCritical) for tTaskExitCritical
    tasks.o(i.task_Request_Check) refers to tasks.o(.data) for running_Task
    tasks.o(i.task_SelfDelete) refers to task_schedule.o(i.tTaskEnterCritical) for tTaskEnterCritical
    tasks.o(i.task_SelfDelete) refers to tasks.o(i.task_OutRedylist_Delete) for task_OutRedylist_Delete
    tasks.o(i.task_SelfDelete) refers to task_schedule.o(i.taskSchedule) for taskSchedule
    tasks.o(i.task_SelfDelete) refers to task_schedule.o(i.tTaskExitCritical) for tTaskExitCritical
    tasks.o(i.task_SelfDelete) refers to tasks.o(.data) for running_Task
    task_schedule.o(.emb_text) refers to tasks.o(.data) for running_Task
    task_schedule.o(i.taskSchedule) refers to task_schedule.o(i.tTaskEnterCritical) for tTaskEnterCritical
    task_schedule.o(i.taskSchedule) refers to tasks.o(i.nxtTask_get_highest) for nxtTask_get_highest
    task_schedule.o(i.taskSchedule) refers to task_schedule.o(i.taskSwitch) for taskSwitch
    task_schedule.o(i.taskSchedule) refers to task_schedule.o(i.tTaskExitCritical) for tTaskExitCritical
    task_schedule.o(i.taskSchedule) refers to tasks.o(.data) for running_Task
    rtos_lib.o(i.tBitmapGetFirstSet) refers to rtos_lib.o(i.tBitmapPosCount) for tBitmapPosCount
    rtos_lib.o(i.tBitmapGetFirstSet) refers to rtos_lib.o(.constdata) for quickFindTable
    systimer.o(i.SysTick_Handler) refers to systimer.o(i.Systimerhandler) for Systimerhandler
    systimer.o(i.Systimerhandler) refers to task_schedule.o(i.tTaskEnterCritical) for tTaskEnterCritical
    systimer.o(i.Systimerhandler) refers to event.o(i.event_Outwait_task_Unblock) for event_Outwait_task_Unblock
    systimer.o(i.Systimerhandler) refers to tasks.o(i.task_Outdelaystate_Unblock) for task_Outdelaystate_Unblock
    systimer.o(i.Systimerhandler) refers to tasks.o(i.taskSchedule_Ready) for taskSchedule_Ready
    systimer.o(i.Systimerhandler) refers to rtos_lib.o(i.tListCount) for tListCount
    systimer.o(i.Systimerhandler) refers to rtos_lib.o(i.tListRemove) for tListRemove
    systimer.o(i.Systimerhandler) refers to rtos_lib.o(i.tListAddLast) for tListAddLast
    systimer.o(i.Systimerhandler) refers to task_schedule.o(i.tTaskExitCritical) for tTaskExitCritical
    systimer.o(i.Systimerhandler) refers to task_schedule.o(i.taskSchedule) for taskSchedule
    systimer.o(i.Systimerhandler) refers to tasks.o(.bss) for taskDelayList
    systimer.o(i.Systimerhandler) refers to tasks.o(.data) for running_Task
    systimer.o(i.tSetSysTickPeriod) refers to system_armcm3.o(.data) for SystemCoreClock
    sysinit.o(i.rotsdev_sysinit) refers to rtos_lib.o(i.tBitmapInit) for tBitmapInit
    sysinit.o(i.rotsdev_sysinit) refers to rtos_lib.o(i.tListInit) for tListInit
    sysinit.o(i.rotsdev_sysinit) refers to tasks.o(i.relax_Task_init) for relax_Task_init
    sysinit.o(i.rotsdev_sysinit) refers to tasks.o(.data) for task_Priority_Bitmap
    sysinit.o(i.rotsdev_sysinit) refers to tasks.o(.bss) for taskTable
    sysinit.o(i.rtosdev_sysstart) refers to tasks.o(i.nxtTask_get_highest) for nxtTask_get_highest
    sysinit.o(i.rtosdev_sysstart) refers to systimer.o(i.tSetSysTickPeriod) for tSetSysTickPeriod
    sysinit.o(i.rtosdev_sysstart) refers to task_schedule.o(i.task_SwitchStart) for task_SwitchStart
    sysinit.o(i.rtosdev_sysstart) refers to tasks.o(.data) for next_Task
    event.o(i.event_Delete) refers to task_schedule.o(i.tTaskEnterCritical) for tTaskEnterCritical
    event.o(i.event_Delete) refers to rtos_lib.o(i.tListCount) for tListCount
    event.o(i.event_Delete) refers to tasks.o(i.task_Outdelaystate_Unblock) for task_Outdelaystate_Unblock
    event.o(i.event_Delete) refers to tasks.o(i.taskSchedule_Ready) for taskSchedule_Ready
    event.o(i.event_Delete) refers to rtos_lib.o(i.tListRemoveFirst) for tListRemoveFirst
    event.o(i.event_Delete) refers to task_schedule.o(i.tTaskExitCritical) for tTaskExitCritical
    event.o(i.event_Init) refers to rtos_lib.o(i.tListInit) for tListInit
    event.o(i.event_Outwait_task_Unblock) refers to task_schedule.o(i.tTaskEnterCritical) for tTaskEnterCritical
    event.o(i.event_Outwait_task_Unblock) refers to rtos_lib.o(i.tListRemove) for tListRemove
    event.o(i.event_Outwait_task_Unblock) refers to task_schedule.o(i.tTaskExitCritical) for tTaskExitCritical
    event.o(i.event_Wait_Block) refers to task_schedule.o(i.tTaskEnterCritical) for tTaskEnterCritical
    event.o(i.event_Wait_Block) refers to tasks.o(i.taskSchedule_Unready) for taskSchedule_Unready
    event.o(i.event_Wait_Block) refers to rtos_lib.o(i.tListAddLast) for tListAddLast
    event.o(i.event_Wait_Block) refers to tasks.o(i.task_Indelaystate_Block) for task_Indelaystate_Block
    event.o(i.event_Wait_Block) refers to task_schedule.o(i.tTaskExitCritical) for tTaskExitCritical
    event.o(i.event_Waitlist_Cnt) refers to task_schedule.o(i.tTaskEnterCritical) for tTaskEnterCritical
    event.o(i.event_Waitlist_Cnt) refers to rtos_lib.o(i.tListCount) for tListCount
    event.o(i.event_Waitlist_Cnt) refers to task_schedule.o(i.tTaskExitCritical) for tTaskExitCritical
    event.o(i.event_Wakeup_Reqtask_Unblock) refers to task_schedule.o(i.tTaskEnterCritical) for tTaskEnterCritical
    event.o(i.event_Wakeup_Reqtask_Unblock) refers to rtos_lib.o(i.tListRemove) for tListRemove
    event.o(i.event_Wakeup_Reqtask_Unblock) refers to tasks.o(i.task_Outdelaystate_Unblock) for task_Outdelaystate_Unblock
    event.o(i.event_Wakeup_Reqtask_Unblock) refers to tasks.o(i.taskSchedule_Ready) for taskSchedule_Ready
    event.o(i.event_Wakeup_Reqtask_Unblock) refers to task_schedule.o(i.tTaskExitCritical) for tTaskExitCritical
    event.o(i.event_Wakeup_Unblock) refers to task_schedule.o(i.tTaskEnterCritical) for tTaskEnterCritical
    event.o(i.event_Wakeup_Unblock) refers to rtos_lib.o(i.tListRemoveFirst) for tListRemoveFirst
    event.o(i.event_Wakeup_Unblock) refers to tasks.o(i.task_Outdelaystate_Unblock) for task_Outdelaystate_Unblock
    event.o(i.event_Wakeup_Unblock) refers to tasks.o(i.taskSchedule_Ready) for taskSchedule_Ready
    event.o(i.event_Wakeup_Unblock) refers to task_schedule.o(i.tTaskExitCritical) for tTaskExitCritical
    sema.o(i.sem_Init) refers to event.o(i.event_Init) for event_Init
    sema.o(i.sem_Notify) refers to task_schedule.o(i.tTaskEnterCritical) for tTaskEnterCritical
    sema.o(i.sem_Notify) refers to event.o(i.event_Waitlist_Cnt) for event_Waitlist_Cnt
    sema.o(i.sem_Notify) refers to event.o(i.event_Wakeup_Unblock) for event_Wakeup_Unblock
    sema.o(i.sem_Notify) refers to task_schedule.o(i.taskSchedule) for taskSchedule
    sema.o(i.sem_Notify) refers to task_schedule.o(i.tTaskExitCritical) for tTaskExitCritical
    sema.o(i.sem_Notify) refers to tasks.o(.data) for running_Task
    sema.o(i.sem_Release_All) refers to task_schedule.o(i.tTaskEnterCritical) for tTaskEnterCritical
    sema.o(i.sem_Release_All) refers to event.o(i.event_Delete) for event_Delete
    sema.o(i.sem_Release_All) refers to task_schedule.o(i.tTaskExitCritical) for tTaskExitCritical
    sema.o(i.sem_Release_All) refers to task_schedule.o(i.taskSchedule) for taskSchedule
    sema.o(i.sem_Wait_Instant) refers to task_schedule.o(i.tTaskEnterCritical) for tTaskEnterCritical
    sema.o(i.sem_Wait_Instant) refers to task_schedule.o(i.tTaskExitCritical) for tTaskExitCritical
    sema.o(i.sem_Wait_Time) refers to task_schedule.o(i.tTaskEnterCritical) for tTaskEnterCritical
    sema.o(i.sem_Wait_Time) refers to task_schedule.o(i.tTaskExitCritical) for tTaskExitCritical
    sema.o(i.sem_Wait_Time) refers to event.o(i.event_Wait_Block) for event_Wait_Block
    sema.o(i.sem_Wait_Time) refers to task_schedule.o(i.taskSchedule) for taskSchedule
    sema.o(i.sem_Wait_Time) refers to tasks.o(.data) for running_Task
    queue.o(i.queue_Delete) refers to task_schedule.o(i.tTaskEnterCritical) for tTaskEnterCritical
    queue.o(i.queue_Delete) refers to event.o(i.event_Delete) for event_Delete
    queue.o(i.queue_Delete) refers to task_schedule.o(i.tTaskExitCritical) for tTaskExitCritical
    queue.o(i.queue_Delete) refers to task_schedule.o(i.taskSchedule) for taskSchedule
    queue.o(i.queue_Init) refers to event.o(i.event_Init) for event_Init
    queue.o(i.queue_Read) refers to task_schedule.o(i.tTaskEnterCritical) for tTaskEnterCritical
    queue.o(i.queue_Read) refers to task_schedule.o(i.tTaskExitCritical) for tTaskExitCritical
    queue.o(i.queue_Read) refers to event.o(i.event_Wait_Block) for event_Wait_Block
    queue.o(i.queue_Read) refers to task_schedule.o(i.taskSchedule) for taskSchedule
    queue.o(i.queue_Read) refers to tasks.o(.data) for running_Task
    queue.o(i.queue_Read_Nowait) refers to task_schedule.o(i.tTaskEnterCritical) for tTaskEnterCritical
    queue.o(i.queue_Read_Nowait) refers to task_schedule.o(i.tTaskExitCritical) for tTaskExitCritical
    queue.o(i.queue_Refresh) refers to task_schedule.o(i.tTaskEnterCritical) for tTaskEnterCritical
    queue.o(i.queue_Refresh) refers to event.o(i.event_Waitlist_Cnt) for event_Waitlist_Cnt
    queue.o(i.queue_Refresh) refers to task_schedule.o(i.tTaskExitCritical) for tTaskExitCritical
    queue.o(i.queue_Write) refers to task_schedule.o(i.tTaskEnterCritical) for tTaskEnterCritical
    queue.o(i.queue_Write) refers to event.o(i.event_Waitlist_Cnt) for event_Waitlist_Cnt
    queue.o(i.queue_Write) refers to event.o(i.event_Wakeup_Unblock) for event_Wakeup_Unblock
    queue.o(i.queue_Write) refers to task_schedule.o(i.taskSchedule) for taskSchedule
    queue.o(i.queue_Write) refers to task_schedule.o(i.tTaskExitCritical) for tTaskExitCritical
    queue.o(i.queue_Write) refers to tasks.o(.data) for running_Task
    flag_group.o(i.flag_group_Wait) refers to task_schedule.o(i.tTaskEnterCritical) for tTaskEnterCritical
    flag_group.o(i.flag_group_Wait) refers to flag_group.o(i.flag_check_handler) for flag_check_handler
    flag_group.o(i.flag_group_Wait) refers to event.o(i.event_Wait_Block) for event_Wait_Block
    flag_group.o(i.flag_group_Wait) refers to task_schedule.o(i.tTaskExitCritical) for tTaskExitCritical
    flag_group.o(i.flag_group_Wait) refers to task_schedule.o(i.taskSchedule) for taskSchedule
    flag_group.o(i.flag_group_Wait) refers to tasks.o(.data) for running_Task
    flag_group.o(i.flaggroup_Delete) refers to task_schedule.o(i.tTaskEnterCritical) for tTaskEnterCritical
    flag_group.o(i.flaggroup_Delete) refers to event.o(i.event_Delete) for event_Delete
    flag_group.o(i.flaggroup_Delete) refers to task_schedule.o(i.tTaskExitCritical) for tTaskExitCritical
    flag_group.o(i.flaggroup_Delete) refers to task_schedule.o(i.taskSchedule) for taskSchedule
    flag_group.o(i.flaggroup_Init) refers to event.o(i.event_Init) for event_Init
    flag_group.o(i.tFlagGroupNotify) refers to task_schedule.o(i.tTaskEnterCritical) for tTaskEnterCritical
    flag_group.o(i.tFlagGroupNotify) refers to flag_group.o(i.flag_check_handler) for flag_check_handler
    flag_group.o(i.tFlagGroupNotify) refers to event.o(i.event_Wakeup_Reqtask_Unblock) for event_Wakeup_Reqtask_Unblock
    flag_group.o(i.tFlagGroupNotify) refers to task_schedule.o(i.taskSchedule) for taskSchedule
    flag_group.o(i.tFlagGroupNotify) refers to task_schedule.o(i.tTaskExitCritical) for tTaskExitCritical
    startup_armcm3.o(STACK) refers (Special) to heapauxi.o(.text) for __use_two_region_memory
    startup_armcm3.o(HEAP) refers (Special) to heapauxi.o(.text) for __use_two_region_memory
    startup_armcm3.o(RESET) refers (Special) to heapauxi.o(.text) for __use_two_region_memory
    startup_armcm3.o(RESET) refers to startup_armcm3.o(STACK) for __initial_sp
    startup_armcm3.o(RESET) refers to startup_armcm3.o(.text) for Reset_Handler
    startup_armcm3.o(RESET) refers to task_schedule.o(.emb_text) for PendSV_Handler
    startup_armcm3.o(RESET) refers to systimer.o(i.SysTick_Handler) for SysTick_Handler
    startup_armcm3.o(.text) refers (Special) to heapauxi.o(.text) for __use_two_region_memory
    startup_armcm3.o(.text) refers to system_armcm3.o(i.SystemInit) for SystemInit
    startup_armcm3.o(.text) refers to __main.o(!!!main) for __main
    startup_armcm3.o(.text) refers to startup_armcm3.o(HEAP) for Heap_Mem
    startup_armcm3.o(.text) refers to startup_armcm3.o(STACK) for Stack_Mem
    system_armcm3.o(i.SystemCoreClockUpdate) refers to system_armcm3.o(.data) for SystemCoreClock
    system_armcm3.o(i.SystemInit) refers to system_armcm3.o(.data) for SystemCoreClock
    __main.o(!!!main) refers to __rtentry.o(.ARM.Collect$$rtentry$$00000000) for __rt_entry
    __rtentry.o(.ARM.Collect$$rtentry$$00000000) refers (Special) to __rtentry2.o(.ARM.Collect$$rtentry$$0000000A) for __rt_entry_li
    __rtentry.o(.ARM.Collect$$rtentry$$00000000) refers (Special) to __rtentry2.o(.ARM.Collect$$rtentry$$0000000D) for __rt_entry_main
    __rtentry.o(.ARM.Collect$$rtentry$$00000000) refers (Special) to __rtentry2.o(.ARM.Collect$$rtentry$$0000000C) for __rt_entry_postli_1
    __rtentry.o(.ARM.Collect$$rtentry$$00000000) refers (Special) to __rtentry2.o(.ARM.Collect$$rtentry$$00000009) for __rt_entry_postsh_1
    __rtentry.o(.ARM.Collect$$rtentry$$00000000) refers (Special) to __rtentry2.o(.ARM.Collect$$rtentry$$00000002) for __rt_entry_presh_1
    __rtentry.o(.ARM.Collect$$rtentry$$00000000) refers (Special) to __rtentry4.o(.ARM.Collect$$rtentry$$00000004) for __rt_entry_sh
    __rtentry2.o(.ARM.Collect$$rtentry$$00000008) refers to boardinit2.o(.text) for _platform_post_stackheap_init
    __rtentry2.o(.ARM.Collect$$rtentry$$0000000A) refers to libinit.o(.ARM.Collect$$libinit$$00000000) for __rt_lib_init
    __rtentry2.o(.ARM.Collect$$rtentry$$0000000B) refers to boardinit3.o(.text) for _platform_post_lib_init
    __rtentry2.o(.ARM.Collect$$rtentry$$0000000D) refers to main.o(i.main) for main
    __rtentry2.o(.ARM.Collect$$rtentry$$0000000D) refers to exit.o(.text) for exit
    __rtentry2.o(.ARM.exidx) refers to __rtentry2.o(.ARM.Collect$$rtentry$$00000001) for .ARM.Collect$$rtentry$$00000001
    __rtentry2.o(.ARM.exidx) refers to __rtentry2.o(.ARM.Collect$$rtentry$$00000008) for .ARM.Collect$$rtentry$$00000008
    __rtentry2.o(.ARM.exidx) refers to __rtentry2.o(.ARM.Collect$$rtentry$$0000000A) for .ARM.Collect$$rtentry$$0000000A
    __rtentry2.o(.ARM.exidx) refers to __rtentry2.o(.ARM.Collect$$rtentry$$0000000B) for .ARM.Collect$$rtentry$$0000000B
    __rtentry2.o(.ARM.exidx) refers to __rtentry2.o(.ARM.Collect$$rtentry$$0000000D) for .ARM.Collect$$rtentry$$0000000D
    __rtentry4.o(.ARM.Collect$$rtentry$$00000004) refers to sys_stackheap_outer.o(.text) for __user_setup_stackheap
    __rtentry4.o(.ARM.exidx) refers to __rtentry4.o(.ARM.Collect$$rtentry$$00000004) for .ARM.Collect$$rtentry$$00000004
    sys_stackheap_outer.o(.text) refers to libspace.o(.text) for __user_perproc_libspace
    sys_stackheap_outer.o(.text) refers to startup_armcm3.o(.text) for __user_initial_stackheap
    exit.o(.text) refers to rtexit.o(.ARM.Collect$$rtexit$$00000000) for __rt_exit
    libinit.o(.ARM.Collect$$libinit$$00000000) refers (Special) to libinit2.o(.ARM.Collect$$libinit$$0000002E) for __rt_lib_init_alloca_1
    libinit.o(.ARM.Collect$$libinit$$00000000) refers (Special) to libinit2.o(.ARM.Collect$$libinit$$0000002C) for __rt_lib_init_argv_1
    libinit.o(.ARM.Collect$$libinit$$00000000) refers (Special) to libinit2.o(.ARM.Collect$$libinit$$0000001B) for __rt_lib_init_atexit_1
    libinit.o(.ARM.Collect$$libinit$$00000000) refers (Special) to libinit2.o(.ARM.Collect$$libinit$$00000021) for __rt_lib_init_clock_1
    libinit.o(.ARM.Collect$$libinit$$00000000) refers (Special) to libinit2.o(.ARM.Collect$$libinit$$00000032) for __rt_lib_init_cpp_1
    libinit.o(.ARM.Collect$$libinit$$00000000) refers (Special) to libinit2.o(.ARM.Collect$$libinit$$00000030) for __rt_lib_init_exceptions_1
    libinit.o(.ARM.Collect$$libinit$$00000000) refers (Special) to libinit2.o(.ARM.Collect$$libinit$$00000002) for __rt_lib_init_fp_1
    libinit.o(.ARM.Collect$$libinit$$00000000) refers (Special) to libinit2.o(.ARM.Collect$$libinit$$0000001F) for __rt_lib_init_fp_trap_1
    libinit.o(.ARM.Collect$$libinit$$00000000) refers (Special) to libinit2.o(.ARM.Collect$$libinit$$00000023) for __rt_lib_init_getenv_1
    libinit.o(.ARM.Collect$$libinit$$00000000) refers (Special) to libinit2.o(.ARM.Collect$$libinit$$0000000A) for __rt_lib_init_heap_1
    libinit.o(.ARM.Collect$$libinit$$00000000) refers (Special) to libinit2.o(.ARM.Collect$$libinit$$00000011) for __rt_lib_init_lc_collate_1
    libinit.o(.ARM.Collect$$libinit$$00000000) refers (Special) to libinit2.o(.ARM.Collect$$libinit$$00000013) for __rt_lib_init_lc_ctype_1
    libinit.o(.ARM.Collect$$libinit$$00000000) refers (Special) to libinit2.o(.ARM.Collect$$libinit$$00000015) for __rt_lib_init_lc_monetary_1
    libinit.o(.ARM.Collect$$libinit$$00000000) refers (Special) to libinit2.o(.ARM.Collect$$libinit$$00000017) for __rt_lib_init_lc_numeric_1
    libinit.o(.ARM.Collect$$libinit$$00000000) refers (Special) to libinit2.o(.ARM.Collect$$libinit$$00000019) for __rt_lib_init_lc_time_1
    libinit.o(.ARM.Collect$$libinit$$00000000) refers (Special) to libinit2.o(.ARM.Collect$$libinit$$00000004) for __rt_lib_init_preinit_1
    libinit.o(.ARM.Collect$$libinit$$00000000) refers (Special) to libinit2.o(.ARM.Collect$$libinit$$0000000E) for __rt_lib_init_rand_1
    libinit.o(.ARM.Collect$$libinit$$00000000) refers (Special) to libinit2.o(.ARM.Collect$$libinit$$00000033) for __rt_lib_init_return
    libinit.o(.ARM.Collect$$libinit$$00000000) refers (Special) to libinit2.o(.ARM.Collect$$libinit$$0000001D) for __rt_lib_init_signal_1
    libinit.o(.ARM.Collect$$libinit$$00000000) refers (Special) to libinit2.o(.ARM.Collect$$libinit$$00000025) for __rt_lib_init_stdio_1
    libinit.o(.ARM.Collect$$libinit$$00000000) refers (Special) to libinit2.o(.ARM.Collect$$libinit$$0000000C) for __rt_lib_init_user_alloc_1
    libspace.o(.text) refers to libspace.o(.bss) for __libspace_start
    rtexit.o(.ARM.Collect$$rtexit$$00000000) refers (Special) to rtexit2.o(.ARM.Collect$$rtexit$$00000004) for __rt_exit_exit
    rtexit.o(.ARM.Collect$$rtexit$$00000000) refers (Special) to rtexit2.o(.ARM.Collect$$rtexit$$00000003) for __rt_exit_ls
    rtexit.o(.ARM.Collect$$rtexit$$00000000) refers (Special) to rtexit2.o(.ARM.Collect$$rtexit$$00000002) for __rt_exit_prels_1
    rtexit.o(.ARM.exidx) refers (Special) to rtexit2.o(.ARM.Collect$$rtexit$$00000004) for __rt_exit_exit
    rtexit.o(.ARM.exidx) refers (Special) to rtexit2.o(.ARM.Collect$$rtexit$$00000003) for __rt_exit_ls
    rtexit.o(.ARM.exidx) refers (Special) to rtexit2.o(.ARM.Collect$$rtexit$$00000002) for __rt_exit_prels_1
    rtexit.o(.ARM.exidx) refers to rtexit.o(.ARM.Collect$$rtexit$$00000000) for .ARM.Collect$$rtexit$$00000000
    libinit2.o(.ARM.Collect$$libinit$$00000010) refers to libinit2.o(.ARM.Collect$$libinit$$0000000F) for .ARM.Collect$$libinit$$0000000F
    libinit2.o(.ARM.Collect$$libinit$$00000012) refers to libinit2.o(.ARM.Collect$$libinit$$0000000F) for .ARM.Collect$$libinit$$0000000F
    libinit2.o(.ARM.Collect$$libinit$$00000014) refers to libinit2.o(.ARM.Collect$$libinit$$0000000F) for .ARM.Collect$$libinit$$0000000F
    libinit2.o(.ARM.Collect$$libinit$$00000016) refers to libinit2.o(.ARM.Collect$$libinit$$0000000F) for .ARM.Collect$$libinit$$0000000F
    libinit2.o(.ARM.Collect$$libinit$$00000018) refers to libinit2.o(.ARM.Collect$$libinit$$0000000F) for .ARM.Collect$$libinit$$0000000F
    libinit2.o(.ARM.Collect$$libinit$$00000026) refers to argv_veneer.o(.emb_text) for __ARM_argv_veneer
    libinit2.o(.ARM.Collect$$libinit$$00000027) refers to argv_veneer.o(.emb_text) for __ARM_argv_veneer
    rtexit2.o(.ARM.Collect$$rtexit$$00000003) refers to libshutdown.o(.ARM.Collect$$libshutdown$$00000000) for __rt_lib_shutdown
    rtexit2.o(.ARM.Collect$$rtexit$$00000004) refers to sys_exit.o(.text) for _sys_exit
    rtexit2.o(.ARM.exidx) refers to rtexit2.o(.ARM.Collect$$rtexit$$00000001) for .ARM.Collect$$rtexit$$00000001
    rtexit2.o(.ARM.exidx) refers to rtexit2.o(.ARM.Collect$$rtexit$$00000003) for .ARM.Collect$$rtexit$$00000003
    rtexit2.o(.ARM.exidx) refers to rtexit2.o(.ARM.Collect$$rtexit$$00000004) for .ARM.Collect$$rtexit$$00000004
    argv_veneer.o(.emb_text) refers to no_argv.o(.text) for __ARM_get_argv
    sys_exit.o(.text) refers (Special) to use_no_semi.o(.text) for __I$use$semihosting
    sys_exit.o(.text) refers (Special) to indicate_semi.o(.text) for __semihosting_library_function
    _get_argv_nomalloc.o(.text) refers (Special) to hrguard.o(.text) for __heap_region$guard
    _get_argv_nomalloc.o(.text) refers to defsig_rtmem_outer.o(.text) for __rt_SIGRTMEM
    _get_argv_nomalloc.o(.text) refers to sys_command.o(.text) for _sys_command_string
    libshutdown.o(.ARM.Collect$$libshutdown$$00000000) refers (Special) to libshutdown2.o(.ARM.Collect$$libshutdown$$00000002) for __rt_lib_shutdown_cpp_1
    libshutdown.o(.ARM.Collect$$libshutdown$$00000000) refers (Special) to libshutdown2.o(.ARM.Collect$$libshutdown$$00000007) for __rt_lib_shutdown_fp_trap_1
    libshutdown.o(.ARM.Collect$$libshutdown$$00000000) refers (Special) to libshutdown2.o(.ARM.Collect$$libshutdown$$0000000F) for __rt_lib_shutdown_heap_1
    libshutdown.o(.ARM.Collect$$libshutdown$$00000000) refers (Special) to libshutdown2.o(.ARM.Collect$$libshutdown$$00000010) for __rt_lib_shutdown_return
    libshutdown.o(.ARM.Collect$$libshutdown$$00000000) refers (Special) to libshutdown2.o(.ARM.Collect$$libshutdown$$0000000A) for __rt_lib_shutdown_signal_1
    libshutdown.o(.ARM.Collect$$libshutdown$$00000000) refers (Special) to libshutdown2.o(.ARM.Collect$$libshutdown$$00000004) for __rt_lib_shutdown_stdio_1
    libshutdown.o(.ARM.Collect$$libshutdown$$00000000) refers (Special) to libshutdown2.o(.ARM.Collect$$libshutdown$$0000000C) for __rt_lib_shutdown_user_alloc_1
    sys_command.o(.text) refers (Special) to use_no_semi.o(.text) for __I$use$semihosting
    sys_command.o(.text) refers (Special) to indicate_semi.o(.text) for __semihosting_library_function
    defsig_rtmem_outer.o(.text) refers to defsig_rtmem_inner.o(.text) for __rt_SIGRTMEM_inner
    defsig_rtmem_outer.o(.text) refers to defsig_exit.o(.text) for __sig_exit
    defsig_rtmem_formal.o(.text) refers to rt_raise.o(.text) for __rt_raise
    rt_raise.o(.text) refers to __raise.o(.text) for __raise
    rt_raise.o(.text) refers to sys_exit.o(.text) for _sys_exit
    defsig_exit.o(.text) refers to sys_exit.o(.text) for _sys_exit
    defsig_rtmem_inner.o(.text) refers to defsig_general.o(.text) for __default_signal_display
    __raise.o(.text) refers to defsig.o(CL$$defsig) for __default_signal_handler
    defsig_general.o(.text) refers to sys_wrch.o(.text) for _ttywrch
    sys_wrch.o(.text) refers (Special) to use_no_semi.o(.text) for __I$use$semihosting
    sys_wrch.o(.text) refers (Special) to indicate_semi.o(.text) for __semihosting_library_function
    defsig.o(CL$$defsig) refers to defsig_rtmem_inner.o(.text) for __rt_SIGRTMEM_inner
    defsig_abrt_inner.o(.text) refers to defsig_general.o(.text) for __default_signal_display
    defsig_fpe_inner.o(.text) refers to defsig_general.o(.text) for __default_signal_display
    defsig_rtred_inner.o(.text) refers to defsig_general.o(.text) for __default_signal_display
    defsig_stak_inner.o(.text) refers to defsig_general.o(.text) for __default_signal_display
    defsig_pvfn_inner.o(.text) refers to defsig_general.o(.text) for __default_signal_display
    defsig_cppl_inner.o(.text) refers to defsig_general.o(.text) for __default_signal_display
    defsig_segv_inner.o(.text) refers to defsig_general.o(.text) for __default_signal_display
    defsig_other.o(.text) refers to defsig_general.o(.text) for __default_signal_display


==============================================================================

Removing Unused input sections from the image.

    Removing tasks.o(i.task_Delcbk_Set), (6 bytes).
    Removing tasks.o(i.task_Dele_Request), (24 bytes).
    Removing tasks.o(i.task_Delete_Instant), (76 bytes).
    Removing tasks.o(i.task_Insuspend_Block), (76 bytes).
    Removing tasks.o(i.task_OutRedylist_Delete), (60 bytes).
    Removing tasks.o(i.task_Outsuspend_Unblock), (52 bytes).
    Removing tasks.o(i.task_Request_Check), (32 bytes).
    Removing tasks.o(i.task_SelfDelete), (56 bytes).
    Removing task_schedule.o(.rev16_text), (4 bytes).
    Removing task_schedule.o(.revsh_text), (4 bytes).
    Removing task_schedule.o(.rrx_text), (6 bytes).
    Removing rtos_lib.o(i.tListInsertAfter), (20 bytes).
    Removing rtos_lib.o(i.tListLast), (12 bytes).
    Removing rtos_lib.o(i.tListNext), (16 bytes).
    Removing rtos_lib.o(i.tListPre), (16 bytes).
    Removing rtos_lib.o(i.tListRemoveAll), (32 bytes).
    Removing rtos_lib.o(i.tListRemoveFirst), (26 bytes).
    Removing systimer.o(.rev16_text), (4 bytes).
    Removing systimer.o(.revsh_text), (4 bytes).
    Removing systimer.o(.rrx_text), (6 bytes).
    Removing event.o(i.event_Delete), (92 bytes).
    Removing event.o(i.event_Init), (16 bytes).
    Removing event.o(i.event_Wait_Block), (76 bytes).
    Removing event.o(i.event_Waitlist_Cnt), (30 bytes).
    Removing event.o(i.event_Wakeup_Reqtask_Unblock), (72 bytes).
    Removing event.o(i.event_Wakeup_Unblock), (78 bytes).
    Removing sema.o(i.sem_Init), (38 bytes).
    Removing sema.o(i.sem_Notify), (84 bytes).
    Removing sema.o(i.sem_Release_All), (42 bytes).
    Removing sema.o(i.sem_Wait_Instant), (40 bytes).
    Removing sema.o(i.sem_Wait_Time), (76 bytes).
    Removing queue.o(i.queue_Delete), (38 bytes).
    Removing queue.o(i.queue_Init), (30 bytes).
    Removing queue.o(i.queue_Read), (112 bytes).
    Removing queue.o(i.queue_Read_Nowait), (74 bytes).
    Removing queue.o(i.queue_Refresh), (34 bytes).
    Removing queue.o(i.queue_Write), (116 bytes).
    Removing flag_group.o(i.flag_check_handler), (84 bytes).
    Removing flag_group.o(i.flag_group_Wait), (120 bytes).
    Removing flag_group.o(i.flaggroup_Delete), (38 bytes).
    Removing flag_group.o(i.flaggroup_Init), (18 bytes).
    Removing flag_group.o(i.tFlagGroupNotify), (124 bytes).
    Removing system_armcm3.o(.rev16_text), (4 bytes).
    Removing system_armcm3.o(.revsh_text), (4 bytes).
    Removing system_armcm3.o(.rrx_text), (6 bytes).
    Removing system_armcm3.o(i.SystemCoreClockUpdate), (16 bytes).

46 unused section(s) (total 1994 bytes) removed from the image.

==============================================================================

Image Symbol Table

    Local Symbols

    Symbol Name                              Value     Ov Type        Size  Object(Section)

    RESET                                    0x00000000   Section      192  startup_armcm3.o(RESET)
    ../clib/angel/boardlib.s                 0x00000000   Number         0  boardshut.o ABSOLUTE
    ../clib/angel/boardlib.s                 0x00000000   Number         0  boardinit3.o ABSOLUTE
    ../clib/angel/boardlib.s                 0x00000000   Number         0  boardinit1.o ABSOLUTE
    ../clib/angel/boardlib.s                 0x00000000   Number         0  boardinit2.o ABSOLUTE
    ../clib/angel/handlers.s                 0x00000000   Number         0  __scatter_copy.o ABSOLUTE
    ../clib/angel/handlers.s                 0x00000000   Number         0  __scatter_zi.o ABSOLUTE
    ../clib/angel/kernel.s                   0x00000000   Number         0  __rtentry4.o ABSOLUTE
    ../clib/angel/kernel.s                   0x00000000   Number         0  rtexit.o ABSOLUTE
    ../clib/angel/kernel.s                   0x00000000   Number         0  __rtentry.o ABSOLUTE
    ../clib/angel/kernel.s                   0x00000000   Number         0  __rtentry2.o ABSOLUTE
    ../clib/angel/kernel.s                   0x00000000   Number         0  rtexit2.o ABSOLUTE
    ../clib/angel/rt.s                       0x00000000   Number         0  rt_raise.o ABSOLUTE
    ../clib/angel/scatter.s                  0x00000000   Number         0  __scatter.o ABSOLUTE
    ../clib/angel/startup.s                  0x00000000   Number         0  __main.o ABSOLUTE
    ../clib/angel/sys.s                      0x00000000   Number         0  indicate_semi.o ABSOLUTE
    ../clib/angel/sys.s                      0x00000000   Number         0  use_no_semi.o ABSOLUTE
    ../clib/angel/sys.s                      0x00000000   Number         0  sys_stackheap_outer.o ABSOLUTE
    ../clib/angel/sys.s                      0x00000000   Number         0  libspace.o ABSOLUTE
    ../clib/angel/sysapp.c                   0x00000000   Number         0  sys_command.o ABSOLUTE
    ../clib/angel/sysapp.c                   0x00000000   Number         0  sys_exit.o ABSOLUTE
    ../clib/angel/sysapp.c                   0x00000000   Number         0  sys_wrch.o ABSOLUTE
    ../clib/armsys.c                         0x00000000   Number         0  _get_argv_nomalloc.o ABSOLUTE
    ../clib/armsys.c                         0x00000000   Number         0  argv_veneer.o ABSOLUTE
    ../clib/armsys.c                         0x00000000   Number         0  argv_veneer.o ABSOLUTE
    ../clib/armsys.c                         0x00000000   Number         0  no_argv.o ABSOLUTE
    ../clib/heapalloc.c                      0x00000000   Number         0  hrguard.o ABSOLUTE
    ../clib/heapaux.c                        0x00000000   Number         0  heapauxi.o ABSOLUTE
    ../clib/libinit.s                        0x00000000   Number         0  libinit.o ABSOLUTE
    ../clib/libinit.s                        0x00000000   Number         0  libshutdown.o ABSOLUTE
    ../clib/libinit.s                        0x00000000   Number         0  libshutdown2.o ABSOLUTE
    ../clib/libinit.s                        0x00000000   Number         0  libinit2.o ABSOLUTE
    ../clib/signal.c                         0x00000000   Number         0  defsig_abrt_inner.o ABSOLUTE
    ../clib/signal.c                         0x00000000   Number         0  defsig_general.o ABSOLUTE
    ../clib/signal.c                         0x00000000   Number         0  __raise.o ABSOLUTE
    ../clib/signal.c                         0x00000000   Number         0  defsig_exit.o ABSOLUTE
    ../clib/signal.c                         0x00000000   Number         0  defsig_segv_inner.o ABSOLUTE
    ../clib/signal.c                         0x00000000   Number         0  defsig_rtmem_outer.o ABSOLUTE
    ../clib/signal.c                         0x00000000   Number         0  defsig_rtmem_formal.o ABSOLUTE
    ../clib/signal.c                         0x00000000   Number         0  defsig_fpe_inner.o ABSOLUTE
    ../clib/signal.c                         0x00000000   Number         0  defsig_rtred_inner.o ABSOLUTE
    ../clib/signal.c                         0x00000000   Number         0  defsig_stak_inner.o ABSOLUTE
    ../clib/signal.c                         0x00000000   Number         0  defsig_rtmem_inner.o ABSOLUTE
    ../clib/signal.c                         0x00000000   Number         0  defsig_other.o ABSOLUTE
    ../clib/signal.c                         0x00000000   Number         0  defsig_pvfn_inner.o ABSOLUTE
    ../clib/signal.c                         0x00000000   Number         0  defsig_cppl_inner.o ABSOLUTE
    ../clib/signal.s                         0x00000000   Number         0  defsig.o ABSOLUTE
    ../clib/stdlib.c                         0x00000000   Number         0  exit.o ABSOLUTE
    ../fplib/fpinit.s                        0x00000000   Number         0  fpinit.o ABSOLUTE
    RTE\Device\ARMCM3\startup_ARMCM3.s       0x00000000   Number         0  startup_armcm3.o ABSOLUTE
    RTE\Device\ARMCM3\system_ARMCM3.c        0x00000000   Number         0  system_armcm3.o ABSOLUTE
    RTE\\Device\\ARMCM3\\system_ARMCM3.c     0x00000000   Number         0  system_armcm3.o ABSOLUTE
    Source\\systimer.c                       0x00000000   Number         0  systimer.o ABSOLUTE
    Source\\task_schedule.c                  0x00000000   Number         0  task_schedule.o ABSOLUTE
    Source\event.c                           0x00000000   Number         0  event.o ABSOLUTE
    Source\flag_group.c                      0x00000000   Number         0  flag_group.o ABSOLUTE
    Source\main.c                            0x00000000   Number         0  main.o ABSOLUTE
    Source\queue.c                           0x00000000   Number         0  queue.o ABSOLUTE
    Source\rtos_lib.c                        0x00000000   Number         0  rtos_lib.o ABSOLUTE
    Source\sema.c                            0x00000000   Number         0  sema.o ABSOLUTE
    Source\sysinit.c                         0x00000000   Number         0  sysinit.o ABSOLUTE
    Source\systimer.c                        0x00000000   Number         0  systimer.o ABSOLUTE
    Source\task_schedule.c                   0x00000000   Number         0  task_schedule.o ABSOLUTE
    Source\tasks.c                           0x00000000   Number         0  tasks.o ABSOLUTE
    dc.s                                     0x00000000   Number         0  dc.o ABSOLUTE
    !!!main                                  0x000000c0   Section        8  __main.o(!!!main)
    !!!scatter                               0x000000c8   Section       52  __scatter.o(!!!scatter)
    !!handler_copy                           0x000000fc   Section       26  __scatter_copy.o(!!handler_copy)
    !!handler_zi                             0x00000118   Section       28  __scatter_zi.o(!!handler_zi)
    .ARM.Collect$$libinit$$00000000          0x00000134   Section        2  libinit.o(.ARM.Collect$$libinit$$00000000)
    .ARM.Collect$$libinit$$00000002          0x00000136   Section        0  libinit2.o(.ARM.Collect$$libinit$$00000002)
    .ARM.Collect$$libinit$$00000004          0x00000136   Section        0  libinit2.o(.ARM.Collect$$libinit$$00000004)
    .ARM.Collect$$libinit$$0000000A          0x00000136   Section        0  libinit2.o(.ARM.Collect$$libinit$$0000000A)
    .ARM.Collect$$libinit$$0000000C          0x00000136   Section        0  libinit2.o(.ARM.Collect$$libinit$$0000000C)
    .ARM.Collect$$libinit$$0000000E          0x00000136   Section        0  libinit2.o(.ARM.Collect$$libinit$$0000000E)
    .ARM.Collect$$libinit$$00000011          0x00000136   Section        0  libinit2.o(.ARM.Collect$$libinit$$00000011)
    .ARM.Collect$$libinit$$00000013          0x00000136   Section        0  libinit2.o(.ARM.Collect$$libinit$$00000013)
    .ARM.Collect$$libinit$$00000015          0x00000136   Section        0  libinit2.o(.ARM.Collect$$libinit$$00000015)
    .ARM.Collect$$libinit$$00000017          0x00000136   Section        0  libinit2.o(.ARM.Collect$$libinit$$00000017)
    .ARM.Collect$$libinit$$00000019          0x00000136   Section        0  libinit2.o(.ARM.Collect$$libinit$$00000019)
    .ARM.Collect$$libinit$$0000001B          0x00000136   Section        0  libinit2.o(.ARM.Collect$$libinit$$0000001B)
    .ARM.Collect$$libinit$$0000001D          0x00000136   Section        0  libinit2.o(.ARM.Collect$$libinit$$0000001D)
    .ARM.Collect$$libinit$$0000001F          0x00000136   Section        0  libinit2.o(.ARM.Collect$$libinit$$0000001F)
    .ARM.Collect$$libinit$$00000021          0x00000136   Section        0  libinit2.o(.ARM.Collect$$libinit$$00000021)
    .ARM.Collect$$libinit$$00000023          0x00000136   Section        0  libinit2.o(.ARM.Collect$$libinit$$00000023)
    .ARM.Collect$$libinit$$00000025          0x00000136   Section        0  libinit2.o(.ARM.Collect$$libinit$$00000025)
    .ARM.Collect$$libinit$$0000002C          0x00000136   Section        0  libinit2.o(.ARM.Collect$$libinit$$0000002C)
    .ARM.Collect$$libinit$$0000002E          0x00000136   Section        0  libinit2.o(.ARM.Collect$$libinit$$0000002E)
    .ARM.Collect$$libinit$$00000030          0x00000136   Section        0  libinit2.o(.ARM.Collect$$libinit$$00000030)
    .ARM.Collect$$libinit$$00000032          0x00000136   Section        0  libinit2.o(.ARM.Collect$$libinit$$00000032)
    .ARM.Collect$$libinit$$00000033          0x00000136   Section        2  libinit2.o(.ARM.Collect$$libinit$$00000033)
    .ARM.Collect$$libshutdown$$00000000      0x00000138   Section        2  libshutdown.o(.ARM.Collect$$libshutdown$$00000000)
    .ARM.Collect$$libshutdown$$00000002      0x0000013a   Section        0  libshutdown2.o(.ARM.Collect$$libshutdown$$00000002)
    .ARM.Collect$$libshutdown$$00000004      0x0000013a   Section        0  libshutdown2.o(.ARM.Collect$$libshutdown$$00000004)
    .ARM.Collect$$libshutdown$$00000007      0x0000013a   Section        0  libshutdown2.o(.ARM.Collect$$libshutdown$$00000007)
    .ARM.Collect$$libshutdown$$0000000A      0x0000013a   Section        0  libshutdown2.o(.ARM.Collect$$libshutdown$$0000000A)
    .ARM.Collect$$libshutdown$$0000000C      0x0000013a   Section        0  libshutdown2.o(.ARM.Collect$$libshutdown$$0000000C)
    .ARM.Collect$$libshutdown$$0000000F      0x0000013a   Section        0  libshutdown2.o(.ARM.Collect$$libshutdown$$0000000F)
    .ARM.Collect$$libshutdown$$00000010      0x0000013a   Section        2  libshutdown2.o(.ARM.Collect$$libshutdown$$00000010)
    .ARM.Collect$$rtentry$$00000000          0x0000013c   Section        0  __rtentry.o(.ARM.Collect$$rtentry$$00000000)
    .ARM.Collect$$rtentry$$00000002          0x0000013c   Section        0  __rtentry2.o(.ARM.Collect$$rtentry$$00000002)
    .ARM.Collect$$rtentry$$00000004          0x0000013c   Section        6  __rtentry4.o(.ARM.Collect$$rtentry$$00000004)
    .ARM.Collect$$rtentry$$00000009          0x00000142   Section        0  __rtentry2.o(.ARM.Collect$$rtentry$$00000009)
    .ARM.Collect$$rtentry$$0000000A          0x00000142   Section        4  __rtentry2.o(.ARM.Collect$$rtentry$$0000000A)
    .ARM.Collect$$rtentry$$0000000C          0x00000146   Section        0  __rtentry2.o(.ARM.Collect$$rtentry$$0000000C)
    .ARM.Collect$$rtentry$$0000000D          0x00000146   Section        8  __rtentry2.o(.ARM.Collect$$rtentry$$0000000D)
    .ARM.Collect$$rtexit$$00000000           0x0000014e   Section        2  rtexit.o(.ARM.Collect$$rtexit$$00000000)
    .ARM.Collect$$rtexit$$00000002           0x00000150   Section        0  rtexit2.o(.ARM.Collect$$rtexit$$00000002)
    .ARM.Collect$$rtexit$$00000003           0x00000150   Section        4  rtexit2.o(.ARM.Collect$$rtexit$$00000003)
    .ARM.Collect$$rtexit$$00000004           0x00000154   Section        6  rtexit2.o(.ARM.Collect$$rtexit$$00000004)
    .emb_text                                0x0000015c   Section       48  task_schedule.o(.emb_text)
    .text                                    0x0000018c   Section       64  startup_armcm3.o(.text)
    .text                                    0x000001cc   Section        0  heapauxi.o(.text)
    .text                                    0x000001d2   Section       74  sys_stackheap_outer.o(.text)
    .text                                    0x0000021c   Section        0  exit.o(.text)
    .text                                    0x00000230   Section        8  libspace.o(.text)
    .text                                    0x00000238   Section        0  sys_exit.o(.text)
    .text                                    0x00000244   Section        2  use_no_semi.o(.text)
    .text                                    0x00000246   Section        0  indicate_semi.o(.text)
    i.SysTick_Handler                        0x00000246   Section        0  systimer.o(i.SysTick_Handler)
    i.SystemInit                             0x00000250   Section        0  system_armcm3.o(i.SystemInit)
    i.Systimerhandler                        0x00000260   Section        0  systimer.o(i.Systimerhandler)
    Systimerhandler                          0x00000261   Thumb Code   170  systimer.o(i.Systimerhandler)
    i.event_Outwait_task_Unblock             0x00000318   Section        0  event.o(i.event_Outwait_task_Unblock)
    i.main                                   0x00000350   Section        0  main.o(i.main)
    i.nxtTask_get_highest                    0x000003d0   Section        0  tasks.o(i.nxtTask_get_highest)
    i.relax_Task_init                        0x000003f8   Section        0  tasks.o(i.relax_Task_init)
    i.relax_Taskrun                          0x00000424   Section        0  tasks.o(i.relax_Taskrun)
    i.rotsdev_sysinit                        0x00000428   Section        0  sysinit.o(i.rotsdev_sysinit)
    i.rtosdev_delay                          0x00000464   Section        0  tasks.o(i.rtosdev_delay)
    i.rtosdev_ms2ticks                       0x00000490   Section        0  tasks.o(i.rtosdev_ms2ticks)
    i.rtosdev_sysstart                       0x00000498   Section        0  sysinit.o(i.rtosdev_sysstart)
    i.tBitmapClear                           0x000004b4   Section        0  rtos_lib.o(i.tBitmapClear)
    i.tBitmapGetFirstSet                     0x000004c0   Section        0  rtos_lib.o(i.tBitmapGetFirstSet)
    i.tBitmapInit                            0x0000051c   Section        0  rtos_lib.o(i.tBitmapInit)
    i.tBitmapPosCount                        0x00000522   Section        0  rtos_lib.o(i.tBitmapPosCount)
    i.tBitmapSet                             0x00000526   Section        0  rtos_lib.o(i.tBitmapSet)
    i.tListAddFirst                          0x00000532   Section        0  rtos_lib.o(i.tListAddFirst)
    i.tListAddLast                           0x0000054a   Section        0  rtos_lib.o(i.tListAddLast)
    i.tListCount                             0x0000055e   Section        0  rtos_lib.o(i.tListCount)
    i.tListFirst                             0x00000564   Section        0  rtos_lib.o(i.tListFirst)
    i.tListInit                              0x00000570   Section        0  rtos_lib.o(i.tListInit)
    i.tListRemove                            0x0000057a   Section        0  rtos_lib.o(i.tListRemove)
    i.tNodeInit                              0x0000058e   Section        0  rtos_lib.o(i.tNodeInit)
    i.tSetSysTickPeriod                      0x00000594   Section        0  systimer.o(i.tSetSysTickPeriod)
    i.tTaskEnterCritical                     0x000005ec   Section        0  task_schedule.o(i.tTaskEnterCritical)
    i.tTaskExitCritical                      0x000005f8   Section        0  task_schedule.o(i.tTaskExitCritical)
    i.task1Entry                             0x00000604   Section        0  main.o(i.task1Entry)
    i.task2Entry                             0x00000630   Section        0  main.o(i.task2Entry)
    i.task3Entry                             0x0000065c   Section        0  main.o(i.task3Entry)
    i.task4Entry                             0x00000688   Section        0  main.o(i.task4Entry)
    i.taskCreat                              0x000006b4   Section        0  tasks.o(i.taskCreat)
    i.taskSchedule                           0x0000076c   Section        0  task_schedule.o(i.taskSchedule)
    i.taskSchedule_Ready                     0x0000079c   Section        0  tasks.o(i.taskSchedule_Ready)
    i.taskSchedule_Unready                   0x000007c8   Section        0  tasks.o(i.taskSchedule_Unready)
    i.taskSwitch                             0x00000804   Section        0  task_schedule.o(i.taskSwitch)
    i.task_Indelaystate_Block                0x00000814   Section        0  tasks.o(i.task_Indelaystate_Block)
    i.task_Outdelaystate_Unblock             0x00000834   Section        0  tasks.o(i.task_Outdelaystate_Unblock)
    i.task_SwitchStart                       0x00000850   Section        0  task_schedule.o(i.task_SwitchStart)
    .constdata                               0x0000086c   Section      256  rtos_lib.o(.constdata)
    quickFindTable                           0x0000086c   Data         256  rtos_lib.o(.constdata)
    .data                                    0x20000000   Section       16  main.o(.data)
    .data                                    0x20000010   Section       16  tasks.o(.data)
    .data                                    0x20000020   Section        4  system_armcm3.o(.data)
    .bss                                     0x20000024   Section     4384  main.o(.bss)
    .bss                                     0x20001144   Section     1492  tasks.o(.bss)
    .bss                                     0x20001718   Section       96  libspace.o(.bss)
    HEAP                                     0x20001778   Section     3072  startup_armcm3.o(HEAP)
    Heap_Mem                                 0x20001778   Data        3072  startup_armcm3.o(HEAP)
    STACK                                    0x20002378   Section     1024  startup_armcm3.o(STACK)
    Stack_Mem                                0x20002378   Data        1024  startup_armcm3.o(STACK)
    __initial_sp                             0x20002778   Data           0  startup_armcm3.o(STACK)

    Global Symbols

    Symbol Name                              Value     Ov Type        Size  Object(Section)

    BuildAttributes$$THM_ISAv4$P$D$K$B$S$PE$A:L22UL41UL21$X:L11$S22US41US21$IEEE1$IW$USESV6$~STKCKD$USESV7$~SHL$OSPACE$ROPI$EBA8$UX$STANDARDLIB$REQ8$PRES8$EABIv2 0x00000000   Number         0  anon$$obj.o ABSOLUTE
    __ARM_use_no_argv                        0x00000000   Number         0  main.o ABSOLUTE
    __Vectors                                0x00000000   Data           4  startup_armcm3.o(RESET)
    __ARM_exceptions_init                     - Undefined Weak Reference
    __alloca_initialize                       - Undefined Weak Reference
    __arm_preinit_                            - Undefined Weak Reference
    __cpp_initialize__aeabi_                  - Undefined Weak Reference
    __cxa_finalize                            - Undefined Weak Reference
    __rt_locale                               - Undefined Weak Reference
    __sigvec_lookup                           - Undefined Weak Reference
    _atexit_init                              - Undefined Weak Reference
    _call_atexit_fns                          - Undefined Weak Reference
    _clock_init                               - Undefined Weak Reference
    _fp_trap_init                             - Undefined Weak Reference
    _fp_trap_shutdown                         - Undefined Weak Reference
    _get_lc_collate                           - Undefined Weak Reference
    _get_lc_ctype                             - Undefined Weak Reference
    _get_lc_monetary                          - Undefined Weak Reference
    _get_lc_numeric                           - Undefined Weak Reference
    _get_lc_time                              - Undefined Weak Reference
    _getenv_init                              - Undefined Weak Reference
    _handle_redirection                       - Undefined Weak Reference
    _init_alloc                               - Undefined Weak Reference
    _init_user_alloc                          - Undefined Weak Reference
    _initio                                   - Undefined Weak Reference
    _rand_init                                - Undefined Weak Reference
    _signal_finish                            - Undefined Weak Reference
    _signal_init                              - Undefined Weak Reference
    _terminate_alloc                          - Undefined Weak Reference
    _terminate_user_alloc                     - Undefined Weak Reference
    _terminateio                              - Undefined Weak Reference
    __Vectors_End                            0x000000c0   Data           0  startup_armcm3.o(RESET)
    __Vectors_Size                           0x000000c0   Number         0  startup_armcm3.o ABSOLUTE
    __main                                   0x000000c1   Thumb Code     8  __main.o(!!!main)
    __scatterload                            0x000000c9   Thumb Code     0  __scatter.o(!!!scatter)
    __scatterload_rt2                        0x000000c9   Thumb Code    44  __scatter.o(!!!scatter)
    __scatterload_rt2_thumb_only             0x000000c9   Thumb Code     0  __scatter.o(!!!scatter)
    __scatterload_null                       0x000000d7   Thumb Code     0  __scatter.o(!!!scatter)
    __scatterload_copy                       0x000000fd   Thumb Code    26  __scatter_copy.o(!!handler_copy)
    __scatterload_zeroinit                   0x00000119   Thumb Code    28  __scatter_zi.o(!!handler_zi)
    __rt_lib_init                            0x00000135   Thumb Code     0  libinit.o(.ARM.Collect$$libinit$$00000000)
    __rt_lib_init_alloca_1                   0x00000137   Thumb Code     0  libinit2.o(.ARM.Collect$$libinit$$0000002E)
    __rt_lib_init_argv_1                     0x00000137   Thumb Code     0  libinit2.o(.ARM.Collect$$libinit$$0000002C)
    __rt_lib_init_atexit_1                   0x00000137   Thumb Code     0  libinit2.o(.ARM.Collect$$libinit$$0000001B)
    __rt_lib_init_clock_1                    0x00000137   Thumb Code     0  libinit2.o(.ARM.Collect$$libinit$$00000021)
    __rt_lib_init_cpp_1                      0x00000137   Thumb Code     0  libinit2.o(.ARM.Collect$$libinit$$00000032)
    __rt_lib_init_exceptions_1               0x00000137   Thumb Code     0  libinit2.o(.ARM.Collect$$libinit$$00000030)
    __rt_lib_init_fp_1                       0x00000137   Thumb Code     0  libinit2.o(.ARM.Collect$$libinit$$00000002)
    __rt_lib_init_fp_trap_1                  0x00000137   Thumb Code     0  libinit2.o(.ARM.Collect$$libinit$$0000001F)
    __rt_lib_init_getenv_1                   0x00000137   Thumb Code     0  libinit2.o(.ARM.Collect$$libinit$$00000023)
    __rt_lib_init_heap_1                     0x00000137   Thumb Code     0  libinit2.o(.ARM.Collect$$libinit$$0000000A)
    __rt_lib_init_lc_collate_1               0x00000137   Thumb Code     0  libinit2.o(.ARM.Collect$$libinit$$00000011)
    __rt_lib_init_lc_ctype_1                 0x00000137   Thumb Code     0  libinit2.o(.ARM.Collect$$libinit$$00000013)
    __rt_lib_init_lc_monetary_1              0x00000137   Thumb Code     0  libinit2.o(.ARM.Collect$$libinit$$00000015)
    __rt_lib_init_lc_numeric_1               0x00000137   Thumb Code     0  libinit2.o(.ARM.Collect$$libinit$$00000017)
    __rt_lib_init_lc_time_1                  0x00000137   Thumb Code     0  libinit2.o(.ARM.Collect$$libinit$$00000019)
    __rt_lib_init_preinit_1                  0x00000137   Thumb Code     0  libinit2.o(.ARM.Collect$$libinit$$00000004)
    __rt_lib_init_rand_1                     0x00000137   Thumb Code     0  libinit2.o(.ARM.Collect$$libinit$$0000000E)
    __rt_lib_init_return                     0x00000137   Thumb Code     0  libinit2.o(.ARM.Collect$$libinit$$00000033)
    __rt_lib_init_signal_1                   0x00000137   Thumb Code     0  libinit2.o(.ARM.Collect$$libinit$$0000001D)
    __rt_lib_init_stdio_1                    0x00000137   Thumb Code     0  libinit2.o(.ARM.Collect$$libinit$$00000025)
    __rt_lib_init_user_alloc_1               0x00000137   Thumb Code     0  libinit2.o(.ARM.Collect$$libinit$$0000000C)
    __rt_lib_shutdown                        0x00000139   Thumb Code     0  libshutdown.o(.ARM.Collect$$libshutdown$$00000000)
    __rt_lib_shutdown_cpp_1                  0x0000013b   Thumb Code     0  libshutdown2.o(.ARM.Collect$$libshutdown$$00000002)
    __rt_lib_shutdown_fp_trap_1              0x0000013b   Thumb Code     0  libshutdown2.o(.ARM.Collect$$libshutdown$$00000007)
    __rt_lib_shutdown_heap_1                 0x0000013b   Thumb Code     0  libshutdown2.o(.ARM.Collect$$libshutdown$$0000000F)
    __rt_lib_shutdown_return                 0x0000013b   Thumb Code     0  libshutdown2.o(.ARM.Collect$$libshutdown$$00000010)
    __rt_lib_shutdown_signal_1               0x0000013b   Thumb Code     0  libshutdown2.o(.ARM.Collect$$libshutdown$$0000000A)
    __rt_lib_shutdown_stdio_1                0x0000013b   Thumb Code     0  libshutdown2.o(.ARM.Collect$$libshutdown$$00000004)
    __rt_lib_shutdown_user_alloc_1           0x0000013b   Thumb Code     0  libshutdown2.o(.ARM.Collect$$libshutdown$$0000000C)
    __rt_entry                               0x0000013d   Thumb Code     0  __rtentry.o(.ARM.Collect$$rtentry$$00000000)
    __rt_entry_presh_1                       0x0000013d   Thumb Code     0  __rtentry2.o(.ARM.Collect$$rtentry$$00000002)
    __rt_entry_sh                            0x0000013d   Thumb Code     0  __rtentry4.o(.ARM.Collect$$rtentry$$00000004)
    __rt_entry_li                            0x00000143   Thumb Code     0  __rtentry2.o(.ARM.Collect$$rtentry$$0000000A)
    __rt_entry_postsh_1                      0x00000143   Thumb Code     0  __rtentry2.o(.ARM.Collect$$rtentry$$00000009)
    __rt_entry_main                          0x00000147   Thumb Code     0  __rtentry2.o(.ARM.Collect$$rtentry$$0000000D)
    __rt_entry_postli_1                      0x00000147   Thumb Code     0  __rtentry2.o(.ARM.Collect$$rtentry$$0000000C)
    __rt_exit                                0x0000014f   Thumb Code     0  rtexit.o(.ARM.Collect$$rtexit$$00000000)
    __rt_exit_ls                             0x00000151   Thumb Code     0  rtexit2.o(.ARM.Collect$$rtexit$$00000003)
    __rt_exit_prels_1                        0x00000151   Thumb Code     0  rtexit2.o(.ARM.Collect$$rtexit$$00000002)
    __rt_exit_exit                           0x00000155   Thumb Code     0  rtexit2.o(.ARM.Collect$$rtexit$$00000004)
    PendSV_Handler                           0x0000015d   Thumb Code    40  task_schedule.o(.emb_text)
    Reset_Handler                            0x0000018d   Thumb Code     8  startup_armcm3.o(.text)
    NMI_Handler                              0x00000195   Thumb Code     2  startup_armcm3.o(.text)
    HardFault_Handler                        0x00000197   Thumb Code     2  startup_armcm3.o(.text)
    MemManage_Handler                        0x00000199   Thumb Code     2  startup_armcm3.o(.text)
    BusFault_Handler                         0x0000019b   Thumb Code     2  startup_armcm3.o(.text)
    UsageFault_Handler                       0x0000019d   Thumb Code     2  startup_armcm3.o(.text)
    SVC_Handler                              0x0000019f   Thumb Code     2  startup_armcm3.o(.text)
    DebugMon_Handler                         0x000001a1   Thumb Code     2  startup_armcm3.o(.text)
    AACI_IRQHandler                          0x000001a7   Thumb Code     0  startup_armcm3.o(.text)
    CAN_IRQHandler                           0x000001a7   Thumb Code     0  startup_armcm3.o(.text)
    CHLCD_IRQHandler                         0x000001a7   Thumb Code     0  startup_armcm3.o(.text)
    CLCD_IRQHandler                          0x000001a7   Thumb Code     0  startup_armcm3.o(.text)
    CPU_CLCD_IRQHandler                      0x000001a7   Thumb Code     0  startup_armcm3.o(.text)
    ENET_IRQHandler                          0x000001a7   Thumb Code     0  startup_armcm3.o(.text)
    FLEXRAY_IRQHandler                       0x000001a7   Thumb Code     0  startup_armcm3.o(.text)
    I2C_IRQHandler                           0x000001a7   Thumb Code     0  startup_armcm3.o(.text)
    LIN_IRQHandler                           0x000001a7   Thumb Code     0  startup_armcm3.o(.text)
    MCIA_IRQHandler                          0x000001a7   Thumb Code     0  startup_armcm3.o(.text)
    MCIB_IRQHandler                          0x000001a7   Thumb Code     0  startup_armcm3.o(.text)
    RTC_IRQHandler                           0x000001a7   Thumb Code     0  startup_armcm3.o(.text)
    SPI_IRQHandler                           0x000001a7   Thumb Code     0  startup_armcm3.o(.text)
    TIM0_IRQHandler                          0x000001a7   Thumb Code     0  startup_armcm3.o(.text)
    TIM2_IRQHandler                          0x000001a7   Thumb Code     0  startup_armcm3.o(.text)
    UART0_IRQHandler                         0x000001a7   Thumb Code     0  startup_armcm3.o(.text)
    UART1_IRQHandler                         0x000001a7   Thumb Code     0  startup_armcm3.o(.text)
    UART2_IRQHandler                         0x000001a7   Thumb Code     0  startup_armcm3.o(.text)
    UART3_IRQHandler                         0x000001a7   Thumb Code     0  startup_armcm3.o(.text)
    UART4_IRQHandler                         0x000001a7   Thumb Code     0  startup_armcm3.o(.text)
    USBDC_IRQHandler                         0x000001a7   Thumb Code     0  startup_armcm3.o(.text)
    USBHC_IRQHandler                         0x000001a7   Thumb Code     0  startup_armcm3.o(.text)
    WDT_IRQHandler                           0x000001a7   Thumb Code     0  startup_armcm3.o(.text)
    __user_initial_stackheap                 0x000001a9   Thumb Code    10  startup_armcm3.o(.text)
    __use_two_region_memory                  0x000001cd   Thumb Code     2  heapauxi.o(.text)
    __rt_heap_escrow$2region                 0x000001cf   Thumb Code     2  heapauxi.o(.text)
    __rt_heap_expand$2region                 0x000001d1   Thumb Code     2  heapauxi.o(.text)
    __user_setup_stackheap                   0x000001d3   Thumb Code    74  sys_stackheap_outer.o(.text)
    exit                                     0x0000021d   Thumb Code    18  exit.o(.text)
    __user_libspace                          0x00000231   Thumb Code     8  libspace.o(.text)
    __user_perproc_libspace                  0x00000231   Thumb Code     0  libspace.o(.text)
    __user_perthread_libspace                0x00000231   Thumb Code     0  libspace.o(.text)
    _sys_exit                                0x00000239   Thumb Code     8  sys_exit.o(.text)
    __I$use$semihosting                      0x00000245   Thumb Code     0  use_no_semi.o(.text)
    __use_no_semihosting_swi                 0x00000245   Thumb Code     2  use_no_semi.o(.text)
    SysTick_Handler                          0x00000247   Thumb Code     8  systimer.o(i.SysTick_Handler)
    __semihosting_library_function           0x00000247   Thumb Code     0  indicate_semi.o(.text)
    SystemInit                               0x00000251   Thumb Code     8  system_armcm3.o(i.SystemInit)
    event_Outwait_task_Unblock               0x00000319   Thumb Code    54  event.o(i.event_Outwait_task_Unblock)
    main                                     0x00000351   Thumb Code    78  main.o(i.main)
    nxtTask_get_highest                      0x000003d1   Thumb Code    32  tasks.o(i.nxtTask_get_highest)
    relax_Task_init                          0x000003f9   Thumb Code    26  tasks.o(i.relax_Task_init)
    relax_Taskrun                            0x00000425   Thumb Code     4  tasks.o(i.relax_Taskrun)
    rotsdev_sysinit                          0x00000429   Thumb Code    46  sysinit.o(i.rotsdev_sysinit)
    rtosdev_delay                            0x00000465   Thumb Code    40  tasks.o(i.rtosdev_delay)
    rtosdev_ms2ticks                         0x00000491   Thumb Code     6  tasks.o(i.rtosdev_ms2ticks)
    rtosdev_sysstart                         0x00000499   Thumb Code    22  sysinit.o(i.rtosdev_sysstart)
    tBitmapClear                             0x000004b5   Thumb Code    12  rtos_lib.o(i.tBitmapClear)
    tBitmapGetFirstSet                       0x000004c1   Thumb Code    86  rtos_lib.o(i.tBitmapGetFirstSet)
    tBitmapInit                              0x0000051d   Thumb Code     6  rtos_lib.o(i.tBitmapInit)
    tBitmapPosCount                          0x00000523   Thumb Code     4  rtos_lib.o(i.tBitmapPosCount)
    tBitmapSet                               0x00000527   Thumb Code    12  rtos_lib.o(i.tBitmapSet)
    tListAddFirst                            0x00000533   Thumb Code    24  rtos_lib.o(i.tListAddFirst)
    tListAddLast                             0x0000054b   Thumb Code    20  rtos_lib.o(i.tListAddLast)
    tListCount                               0x0000055f   Thumb Code     6  rtos_lib.o(i.tListCount)
    tListFirst                               0x00000565   Thumb Code    12  rtos_lib.o(i.tListFirst)
    tListInit                                0x00000571   Thumb Code    10  rtos_lib.o(i.tListInit)
    tListRemove                              0x0000057b   Thumb Code    20  rtos_lib.o(i.tListRemove)
    tNodeInit                                0x0000058f   Thumb Code     6  rtos_lib.o(i.tNodeInit)
    tSetSysTickPeriod                        0x00000595   Thumb Code    74  systimer.o(i.tSetSysTickPeriod)
    tTaskEnterCritical                       0x000005ed   Thumb Code    12  task_schedule.o(i.tTaskEnterCritical)
    tTaskExitCritical                        0x000005f9   Thumb Code    10  task_schedule.o(i.tTaskExitCritical)
    task1Entry                               0x00000605   Thumb Code    38  main.o(i.task1Entry)
    task2Entry                               0x00000631   Thumb Code    38  main.o(i.task2Entry)
    task3Entry                               0x0000065d   Thumb Code    38  main.o(i.task3Entry)
    task4Entry                               0x00000689   Thumb Code    38  main.o(i.task4Entry)
    taskCreat                                0x000006b5   Thumb Code   182  tasks.o(i.taskCreat)
    taskSchedule                             0x0000076d   Thumb Code    38  task_schedule.o(i.taskSchedule)
    taskSchedule_Ready                       0x0000079d   Thumb Code    34  tasks.o(i.taskSchedule_Ready)
    taskSchedule_Unready                     0x000007c9   Thumb Code    52  tasks.o(i.taskSchedule_Unready)
    taskSwitch                               0x00000805   Thumb Code    10  task_schedule.o(i.taskSwitch)
    task_Indelaystate_Block                  0x00000815   Thumb Code    28  tasks.o(i.task_Indelaystate_Block)
    task_Outdelaystate_Unblock               0x00000835   Thumb Code    24  tasks.o(i.task_Outdelaystate_Unblock)
    task_SwitchStart                         0x00000851   Thumb Code    24  task_schedule.o(i.task_SwitchStart)
    Region$$Table$$Base                      0x0000096c   Number         0  anon$$obj.o(Region$$Table)
    Region$$Table$$Limit                     0x0000098c   Number         0  anon$$obj.o(Region$$Table)
    task1Flag                                0x20000000   Data           4  main.o(.data)
    task2Flag                                0x20000004   Data           4  main.o(.data)
    task3Flag                                0x20000008   Data           4  main.o(.data)
    task4Flag                                0x2000000c   Data           4  main.o(.data)
    task_Priority_Bitmap                     0x20000010   Data           4  tasks.o(.data)
    running_Task                             0x20000014   Data           4  tasks.o(.data)
    next_Task                                0x20000018   Data           4  tasks.o(.data)
    relax_Task_ptr                           0x2000001c   Data           4  tasks.o(.data)
    SystemCoreClock                          0x20000020   Data           4  system_armcm3.o(.data)
    task1                                    0x20000024   Data          72  main.o(.bss)
    task2                                    0x2000006c   Data          72  main.o(.bss)
    task3                                    0x200000b4   Data          72  main.o(.bss)
    task4                                    0x200000fc   Data          72  main.o(.bss)
    task1_taskBuffer                         0x20000144   Data        1024  main.o(.bss)
    task2_taskBuffer                         0x20000544   Data        1024  main.o(.bss)
    task3_taskBuffer                         0x20000944   Data        1024  main.o(.bss)
    task4_taskBuffer                         0x20000d44   Data        1024  main.o(.bss)
    taskTable                                0x20001144   Data         384  tasks.o(.bss)
    taskDelayList                            0x200012c4   Data          12  tasks.o(.bss)
    relax_Task                               0x200012d0   Data          72  tasks.o(.bss)
    relax_taskBuffer                         0x20001318   Data        1024  tasks.o(.bss)
    __libspace_start                         0x20001718   Data          96  libspace.o(.bss)
    __temporary_stack_top$libspace           0x20001778   Data           0  libspace.o(.bss)



==============================================================================

Memory Map of the image

  Image Entry point : 0x0000018d

  Load Region LR_1 (Base: 0x00000000, Size: 0x000009b0, Max: 0xffffffff, ABSOLUTE)

    Execution Region ER_RO (Base: 0x00000000, Size: 0x0000098c, Max: 0xffffffff, ABSOLUTE)

    Base Addr    Size         Type   Attr      Idx    E Section Name        Object

    0x00000000   0x000000c0   Data   RO          613    RESET               startup_armcm3.o
    0x000000c0   0x00000008   Code   RO          658  * !!!main             c_w.l(__main.o)
    0x000000c8   0x00000034   Code   RO          815    !!!scatter          c_w.l(__scatter.o)
    0x000000fc   0x0000001a   Code   RO          817    !!handler_copy      c_w.l(__scatter_copy.o)
    0x00000116   0x00000002   PAD
    0x00000118   0x0000001c   Code   RO          819    !!handler_zi        c_w.l(__scatter_zi.o)
    0x00000134   0x00000002   Code   RO          685    .ARM.Collect$$libinit$$00000000  c_w.l(libinit.o)
    0x00000136   0x00000000   Code   RO          692    .ARM.Collect$$libinit$$00000002  c_w.l(libinit2.o)
    0x00000136   0x00000000   Code   RO          694    .ARM.Collect$$libinit$$00000004  c_w.l(libinit2.o)
    0x00000136   0x00000000   Code   RO          697    .ARM.Collect$$libinit$$0000000A  c_w.l(libinit2.o)
    0x00000136   0x00000000   Code   RO          699    .ARM.Collect$$libinit$$0000000C  c_w.l(libinit2.o)
    0x00000136   0x00000000   Code   RO          701    .ARM.Collect$$libinit$$0000000E  c_w.l(libinit2.o)
    0x00000136   0x00000000   Code   RO          704    .ARM.Collect$$libinit$$00000011  c_w.l(libinit2.o)
    0x00000136   0x00000000   Code   RO          706    .ARM.Collect$$libinit$$00000013  c_w.l(libinit2.o)
    0x00000136   0x00000000   Code   RO          708    .ARM.Collect$$libinit$$00000015  c_w.l(libinit2.o)
    0x00000136   0x00000000   Code   RO          710    .ARM.Collect$$libinit$$00000017  c_w.l(libinit2.o)
    0x00000136   0x00000000   Code   RO          712    .ARM.Collect$$libinit$$00000019  c_w.l(libinit2.o)
    0x00000136   0x00000000   Code   RO          714    .ARM.Collect$$libinit$$0000001B  c_w.l(libinit2.o)
    0x00000136   0x00000000   Code   RO          716    .ARM.Collect$$libinit$$0000001D  c_w.l(libinit2.o)
    0x00000136   0x00000000   Code   RO          718    .ARM.Collect$$libinit$$0000001F  c_w.l(libinit2.o)
    0x00000136   0x00000000   Code   RO          720    .ARM.Collect$$libinit$$00000021  c_w.l(libinit2.o)
    0x00000136   0x00000000   Code   RO          722    .ARM.Collect$$libinit$$00000023  c_w.l(libinit2.o)
    0x00000136   0x00000000   Code   RO          724    .ARM.Collect$$libinit$$00000025  c_w.l(libinit2.o)
    0x00000136   0x00000000   Code   RO          728    .ARM.Collect$$libinit$$0000002C  c_w.l(libinit2.o)
    0x00000136   0x00000000   Code   RO          730    .ARM.Collect$$libinit$$0000002E  c_w.l(libinit2.o)
    0x00000136   0x00000000   Code   RO          732    .ARM.Collect$$libinit$$00000030  c_w.l(libinit2.o)
    0x00000136   0x00000000   Code   RO          734    .ARM.Collect$$libinit$$00000032  c_w.l(libinit2.o)
    0x00000136   0x00000002   Code   RO          735    .ARM.Collect$$libinit$$00000033  c_w.l(libinit2.o)
    0x00000138   0x00000002   Code   RO          755    .ARM.Collect$$libshutdown$$00000000  c_w.l(libshutdown.o)
    0x0000013a   0x00000000   Code   RO          768    .ARM.Collect$$libshutdown$$00000002  c_w.l(libshutdown2.o)
    0x0000013a   0x00000000   Code   RO          770    .ARM.Collect$$libshutdown$$00000004  c_w.l(libshutdown2.o)
    0x0000013a   0x00000000   Code   RO          773    .ARM.Collect$$libshutdown$$00000007  c_w.l(libshutdown2.o)
    0x0000013a   0x00000000   Code   RO          776    .ARM.Collect$$libshutdown$$0000000A  c_w.l(libshutdown2.o)
    0x0000013a   0x00000000   Code   RO          778    .ARM.Collect$$libshutdown$$0000000C  c_w.l(libshutdown2.o)
    0x0000013a   0x00000000   Code   RO          781    .ARM.Collect$$libshutdown$$0000000F  c_w.l(libshutdown2.o)
    0x0000013a   0x00000002   Code   RO          782    .ARM.Collect$$libshutdown$$00000010  c_w.l(libshutdown2.o)
    0x0000013c   0x00000000   Code   RO          660    .ARM.Collect$$rtentry$$00000000  c_w.l(__rtentry.o)
    0x0000013c   0x00000000   Code   RO          662    .ARM.Collect$$rtentry$$00000002  c_w.l(__rtentry2.o)
    0x0000013c   0x00000006   Code   RO          674    .ARM.Collect$$rtentry$$00000004  c_w.l(__rtentry4.o)
    0x00000142   0x00000000   Code   RO          664    .ARM.Collect$$rtentry$$00000009  c_w.l(__rtentry2.o)
    0x00000142   0x00000004   Code   RO          665    .ARM.Collect$$rtentry$$0000000A  c_w.l(__rtentry2.o)
    0x00000146   0x00000000   Code   RO          667    .ARM.Collect$$rtentry$$0000000C  c_w.l(__rtentry2.o)
    0x00000146   0x00000008   Code   RO          668    .ARM.Collect$$rtentry$$0000000D  c_w.l(__rtentry2.o)
    0x0000014e   0x00000002   Code   RO          689    .ARM.Collect$$rtexit$$00000000  c_w.l(rtexit.o)
    0x00000150   0x00000000   Code   RO          737    .ARM.Collect$$rtexit$$00000002  c_w.l(rtexit2.o)
    0x00000150   0x00000004   Code   RO          738    .ARM.Collect$$rtexit$$00000003  c_w.l(rtexit2.o)
    0x00000154   0x00000006   Code   RO          739    .ARM.Collect$$rtexit$$00000004  c_w.l(rtexit2.o)
    0x0000015a   0x00000002   PAD
    0x0000015c   0x00000030   Code   RO          198    .emb_text           task_schedule.o
    0x0000018c   0x00000040   Code   RO          614  * .text               startup_armcm3.o
    0x000001cc   0x00000006   Code   RO          656    .text               c_w.l(heapauxi.o)
    0x000001d2   0x0000004a   Code   RO          676    .text               c_w.l(sys_stackheap_outer.o)
    0x0000021c   0x00000012   Code   RO          678    .text               c_w.l(exit.o)
    0x0000022e   0x00000002   PAD
    0x00000230   0x00000008   Code   RO          686    .text               c_w.l(libspace.o)
    0x00000238   0x0000000c   Code   RO          747    .text               c_w.l(sys_exit.o)
    0x00000244   0x00000002   Code   RO          758    .text               c_w.l(use_no_semi.o)
    0x00000246   0x00000000   Code   RO          760    .text               c_w.l(indicate_semi.o)
    0x00000246   0x00000008   Code   RO          390    i.SysTick_Handler   systimer.o
    0x0000024e   0x00000002   PAD
    0x00000250   0x00000010   Code   RO          622    i.SystemInit        system_armcm3.o
    0x00000260   0x000000b8   Code   RO          391    i.Systimerhandler   systimer.o
    0x00000318   0x00000036   Code   RO          449    i.event_Outwait_task_Unblock  event.o
    0x0000034e   0x00000002   PAD
    0x00000350   0x00000080   Code   RO            1    i.main              main.o
    0x000003d0   0x00000028   Code   RO           74    i.nxtTask_get_highest  tasks.o
    0x000003f8   0x0000002c   Code   RO           75    i.relax_Task_init   tasks.o
    0x00000424   0x00000004   Code   RO           76    i.relax_Taskrun     tasks.o
    0x00000428   0x0000003c   Code   RO          429    i.rotsdev_sysinit   sysinit.o
    0x00000464   0x0000002c   Code   RO           77    i.rtosdev_delay     tasks.o
    0x00000490   0x00000006   Code   RO           78    i.rtosdev_ms2ticks  tasks.o
    0x00000496   0x00000002   PAD
    0x00000498   0x0000001c   Code   RO          430    i.rtosdev_sysstart  sysinit.o
    0x000004b4   0x0000000c   Code   RO          272    i.tBitmapClear      rtos_lib.o
    0x000004c0   0x0000005c   Code   RO          273    i.tBitmapGetFirstSet  rtos_lib.o
    0x0000051c   0x00000006   Code   RO          274    i.tBitmapInit       rtos_lib.o
    0x00000522   0x00000004   Code   RO          275    i.tBitmapPosCount   rtos_lib.o
    0x00000526   0x0000000c   Code   RO          276    i.tBitmapSet        rtos_lib.o
    0x00000532   0x00000018   Code   RO          277    i.tListAddFirst     rtos_lib.o
    0x0000054a   0x00000014   Code   RO          278    i.tListAddLast      rtos_lib.o
    0x0000055e   0x00000006   Code   RO          279    i.tListCount        rtos_lib.o
    0x00000564   0x0000000c   Code   RO          280    i.tListFirst        rtos_lib.o
    0x00000570   0x0000000a   Code   RO          281    i.tListInit         rtos_lib.o
    0x0000057a   0x00000014   Code   RO          286    i.tListRemove       rtos_lib.o
    0x0000058e   0x00000006   Code   RO          289    i.tNodeInit         rtos_lib.o
    0x00000594   0x00000058   Code   RO          392    i.tSetSysTickPeriod  systimer.o
    0x000005ec   0x0000000c   Code   RO          199    i.tTaskEnterCritical  task_schedule.o
    0x000005f8   0x0000000a   Code   RO          200    i.tTaskExitCritical  task_schedule.o
    0x00000602   0x00000002   PAD
    0x00000604   0x0000002c   Code   RO            2    i.task1Entry        main.o
    0x00000630   0x0000002c   Code   RO            3    i.task2Entry        main.o
    0x0000065c   0x0000002c   Code   RO            4    i.task3Entry        main.o
    0x00000688   0x0000002c   Code   RO            5    i.task4Entry        main.o
    0x000006b4   0x000000b6   Code   RO           79    i.taskCreat         tasks.o
    0x0000076a   0x00000002   PAD
    0x0000076c   0x00000030   Code   RO          201    i.taskSchedule      task_schedule.o
    0x0000079c   0x0000002c   Code   RO           80    i.taskSchedule_Ready  tasks.o
    0x000007c8   0x0000003c   Code   RO           81    i.taskSchedule_Unready  tasks.o
    0x00000804   0x00000010   Code   RO          202    i.taskSwitch        task_schedule.o
    0x00000814   0x00000020   Code   RO           85    i.task_Indelaystate_Block  tasks.o
    0x00000834   0x0000001c   Code   RO           88    i.task_Outdelaystate_Unblock  tasks.o
    0x00000850   0x0000001c   Code   RO          203    i.task_SwitchStart  task_schedule.o
    0x0000086c   0x00000100   Data   RO          290    .constdata          rtos_lib.o
    0x0000096c   0x00000020   Data   RO          813    Region$$Table       anon$$obj.o


    Execution Region ER_RW (Base: 0x20000000, Size: 0x00000024, Max: 0xffffffff, ABSOLUTE)

    Base Addr    Size         Type   Attr      Idx    E Section Name        Object

    0x20000000   0x00000010   Data   RW            7    .data               main.o
    0x20000010   0x00000010   Data   RW           93    .data               tasks.o
    0x20000020   0x00000004   Data   RW          623    .data               system_armcm3.o


    Execution Region ER_ZI (Base: 0x20000024, Size: 0x00002754, Max: 0xffffffff, ABSOLUTE)

    Base Addr    Size         Type   Attr      Idx    E Section Name        Object

    0x20000024   0x00001120   Zero   RW            6    .bss                main.o
    0x20001144   0x000005d4   Zero   RW           92    .bss                tasks.o
    0x20001718   0x00000060   Zero   RW          687    .bss                c_w.l(libspace.o)
    0x20001778   0x00000c00   Zero   RW          612    HEAP                startup_armcm3.o
    0x20002378   0x00000400   Zero   RW          611    STACK               startup_armcm3.o


==============================================================================

Image component sizes


      Code (inc. data)   RO Data    RW Data    ZI Data      Debug   Object Name

        54          0          0          0          0       1021   event.o
       304         74          0         16       4384      10458   main.o
       224          6        256          0          0       6288   rtos_lib.o
        64         26        192          0       4096        864   startup_armcm3.o
        88         20          0          0          0        957   sysinit.o
        16          8          0          4          0        711   system_armcm3.o
       280         28          0          0          0      25837   systimer.o
       162         28          0          0          0      10925   task_schedule.o
       484         56          0         16       1492       7375   tasks.o

    ----------------------------------------------------------------------
      1686        246        480         36       9972      64436   Object Totals
         0          0         32          0          0          0   (incl. Generated)
        10          0          0          0          0          0   (incl. Padding)

    ----------------------------------------------------------------------

      Code (inc. data)   RO Data    RW Data    ZI Data      Debug   Library Member Name

         8          0          0          0          0         68   __main.o
         0          0          0          0          0          0   __rtentry.o
        12          0          0          0          0          0   __rtentry2.o
         6          0          0          0          0          0   __rtentry4.o
        52          8          0          0          0          0   __scatter.o
        26          0          0          0          0          0   __scatter_copy.o
        28          0          0          0          0          0   __scatter_zi.o
        18          0          0          0          0         80   exit.o
         6          0          0          0          0        152   heapauxi.o
         0          0          0          0          0          0   indicate_semi.o
         2          0          0          0          0          0   libinit.o
         2          0          0          0          0          0   libinit2.o
         2          0          0          0          0          0   libshutdown.o
         2          0          0          0          0          0   libshutdown2.o
         8          4          0          0         96         68   libspace.o
         2          0          0          0          0          0   rtexit.o
        10          0          0          0          0          0   rtexit2.o
        12          4          0          0          0         68   sys_exit.o
        74          0          0          0          0         80   sys_stackheap_outer.o
         2          0          0          0          0         68   use_no_semi.o

    ----------------------------------------------------------------------
       278         16          0          0         96        584   Library Totals
         6          0          0          0          0          0   (incl. Padding)

    ----------------------------------------------------------------------

      Code (inc. data)   RO Data    RW Data    ZI Data      Debug   Library Name

       272         16          0          0         96        584   c_w.l

    ----------------------------------------------------------------------
       278         16          0          0         96        584   Library Totals

    ----------------------------------------------------------------------

==============================================================================


      Code (inc. data)   RO Data    RW Data    ZI Data      Debug   

      1964        262        480         36      10068      62988   Grand Totals
      1964        262        480         36      10068      62988   ELF Image Totals
      1964        262        480         36          0          0   ROM Totals

==============================================================================

    Total RO  Size (Code + RO Data)                 2444 (   2.39kB)
    Total RW  Size (RW Data + ZI Data)             10104 (   9.87kB)
    Total ROM Size (Code + RO Data + RW Data)       2480 (   2.42kB)

==============================================================================

